Archive member included because of file (symbol)

/opt/devkitPro/libnds/lib/libnds7.a(spi.o)
                              boot.o (writePowerManagement)
/opt/devkitPro/libnds/lib/libnds7.a(biosCalls.o)
                              sdmmc.o (swiDelay)
/opt/devkitPro_r32/devkitARM/bin/../lib/gcc/arm-eabi/4.5.1/thumb/libgcc.a(_udivsi3.o)
                              fat.o (__aeabi_uidiv)
/opt/devkitPro_r32/devkitARM/bin/../lib/gcc/arm-eabi/4.5.1/thumb/libgcc.a(_divsi3.o)
                              fat.o (__aeabi_idiv)
/opt/devkitPro_r32/devkitARM/bin/../lib/gcc/arm-eabi/4.5.1/thumb/libgcc.a(_dvmd_tls.o)
                              /opt/devkitPro_r32/devkitARM/bin/../lib/gcc/arm-eabi/4.5.1/thumb/libgcc.a(_udivsi3.o) (__aeabi_idiv0)
/opt/devkitPro_r32/devkitARM/bin/../lib/gcc/arm-eabi/4.5.1/../../../../arm-eabi/lib/thumb/libg.a(lib_a-memcmp.o)
                              dldi_patcher.o (memcmp)
/opt/devkitPro_r32/devkitARM/bin/../lib/gcc/arm-eabi/4.5.1/../../../../arm-eabi/lib/thumb/libg.a(lib_a-memcpy.o)
                              dldi_patcher.o (memcpy)
/opt/devkitPro_r32/devkitARM/bin/../lib/gcc/arm-eabi/4.5.1/../../../../arm-eabi/lib/thumb/libg.a(lib_a-memset.o)
                              dldi_patcher.o (memset)

Allocating common symbols
Common symbol       size              file

discFileSystem      0x1               fat.o
discBytePerClus     0x4               fat.o
discData            0x4               fat.o
discRootDir         0x4               fat.o
discRootDirClus     0x4               fat.o
discBytePerSec      0x4               fat.o
discSecPerFAT       0x4               fat.o
discFAT             0x4               fat.o
globalBuffer        0x200             fat.o
sdmmc_cid           0x10              sdmmc.o
discSecPerClus      0x4               fat.o
discNumSec          0x4               fat.o

Memory Configuration

Name             Origin             Length             Attributes
vram             0x06000000         0x00020000
*default*        0x00000000         0xffffffff

Linker script and memory map

LOAD arm9clear.arm.o
LOAD boot.o
LOAD dldi_patcher.o
LOAD fat.o
LOAD sdmmc.o
LOAD arm7clear.o
LOAD io_dldi.o
LOAD load_crt0.o
LOAD /opt/devkitPro/libnds/lib/libnds7.a
START GROUP
LOAD /opt/devkitPro_r32/devkitARM/bin/../lib/gcc/arm-eabi/4.5.1/thumb/libgcc.a
LOAD /opt/devkitPro_r32/devkitARM/bin/../lib/gcc/arm-eabi/4.5.1/../../../../arm-eabi/lib/thumb/libg.a
LOAD /opt/devkitPro_r32/devkitARM/bin/../lib/gcc/arm-eabi/4.5.1/../../../../arm-eabi/lib/thumb/libc.a
LOAD /opt/devkitPro_r32/devkitARM/bin/../lib/gcc/arm-eabi/4.5.1/../../../../arm-eabi/lib/thumb/libsysbase.a
END GROUP
                0x06000000                __vram_start = 0x6000000
                0x06020000                __vram_top = 0x6020000
                0x0601ffa0                __sp_irq = (__vram_top - 0x60)
                0x0601fea0                __sp_svc = (__sp_irq - 0x100)
                0x0601fda0                __sp_usr = (__sp_svc - 0x100)
                0x0601fff8                __irq_flags = (__vram_top - 0x8)
                0x0601fffc                __irq_vector = (__vram_top - 0x4)

.init           0x06000000       0xe0
                0x06000000                __text_start = .
 *(.init)
 .init          0x06000000       0xe0 load_crt0.o
                0x06000000                _start
                0x06000004                storedFileCluster
                0x06000008                initDisc
                0x0600000c                wantToPatchDLDI
                0x06000010                argStart
                0x06000014                argSize
                0x0600001c                dsiSD
                0x060000e0                . = ALIGN (0x4)

.plt
 *(.plt)

.text           0x06000100     0x9a98
 *(.text*)
 .text          0x06000100      0x184 arm9clear.arm.o
                0x06000100                resetMemory2_ARM9
                0x06000218                startBinary_ARM9
 .text          0x06000284      0x3fc boot.o
                0x06000284                sdmmc_startup
                0x06000288                boot_readFirmware
                0x06000318                passArgs_ARM7
                0x06000378                resetMemory_ARM7
                0x060004a8                loadBinary_ARM7
                0x06000524                startBinary_ARM7
                0x06000568                main
 .text          0x06000680      0x2a8 dldi_patcher.o
                0x06000680                read32
                0x06000698                write32
                0x060006a8                dldi
 .text          0x06000928      0x734 fat.o
                0x06000928                FAT_ClustToSect
                0x06000940                FAT_NextCluster
                0x06000a3c                ucase
                0x06000a54                FAT_InitFiles
                0x06000ca8                getBootFileCluster
                0x06000eac                fileRead
 .text          0x0600105c      0x4fc sdmmc.o
                0x06001094                sdmmc_send_command
                0x06001138                sdmmc_cardinserted
                0x06001144                sdmmc_controller_init
                0x060011ac                sdmmc_send_acmd41
                0x060011f4                sdmmc_sdcard_init
                0x060013f0                sdmmc_sdcard_readsector
                0x06001498                sdmmc_readsectors
 .text          0x06001558       0x7c arm7clear.o
                0x06001558                arm7clearRAM
 *fill*         0x060015d4       0x2c ff
 .text          0x06001600     0x8000 io_dldi.o
                0x06001600                _dldi_start
                0x06001660                _io_dldi
 .text          0x06009600        0x0 load_crt0.o
 .text          0x06009600      0x10c /opt/devkitPro/libnds/lib/libnds7.a(spi.o)
                0x06009600                writePowerManagement
                0x06009668                readFirmware
 *fill*         0x0600970c        0x4 ff
 .text          0x06009710       0x70 /opt/devkitPro/libnds/lib/libnds7.a(biosCalls.o)
                0x06009710                swiDelay
                0x06009714                swiSleep
                0x06009718                swiChangeSoundBias
                0x0600971c                swiDivide
                0x06009720                swiRemainder
                0x06009726                swiDivMod
                0x06009732                swiCopy
                0x06009736                swiFastCopy
                0x0600973a                swiSqrt
                0x0600973e                swiCRC16
                0x06009742                swiIsDebugger
                0x06009746                swiUnpackBits
                0x0600974a                swiDecompressLZSSWram
                0x0600974e                swiDecompressLZSSVramNTR
                0x06009752                swiDecompressLZSSVramTWL
                0x06009756                swiDecompressHuffman
                0x0600975a                swiDecompressRLEWram
                0x0600975e                swiDecompressRLEVram
                0x06009762                swiHalt
                0x06009766                swiGetSineTable
                0x0600976a                swiGetPitchTable
                0x0600976e                swiGetVolumeTable
                0x06009772                swiSwitchToGBAMode
                0x06009776                swiSetHaltCR
 .text          0x06009780      0x11c /opt/devkitPro_r32/devkitARM/bin/../lib/gcc/arm-eabi/4.5.1/thumb/libgcc.a(_udivsi3.o)
                0x06009780                __udivsi3
                0x06009780                __aeabi_uidiv
                0x0600987c                __aeabi_uidivmod
 .text          0x0600989c      0x150 /opt/devkitPro_r32/devkitARM/bin/../lib/gcc/arm-eabi/4.5.1/thumb/libgcc.a(_divsi3.o)
                0x0600989c                __aeabi_idiv
                0x0600989c                __divsi3
                0x060099cc                __aeabi_idivmod
 .text          0x060099ec        0x4 /opt/devkitPro_r32/devkitARM/bin/../lib/gcc/arm-eabi/4.5.1/thumb/libgcc.a(_dvmd_tls.o)
                0x060099ec                __aeabi_ldiv0
                0x060099ec                __aeabi_idiv0
 .text          0x060099f0       0x5c /opt/devkitPro_r32/devkitARM/bin/../lib/gcc/arm-eabi/4.5.1/../../../../arm-eabi/lib/thumb/libg.a(lib_a-memcmp.o)
                0x060099f0                memcmp
 .text          0x06009a4c       0x84 /opt/devkitPro_r32/devkitARM/bin/../lib/gcc/arm-eabi/4.5.1/../../../../arm-eabi/lib/thumb/libg.a(lib_a-memcpy.o)
                0x06009a4c                memcpy
 .text          0x06009ad0       0x94 /opt/devkitPro_r32/devkitARM/bin/../lib/gcc/arm-eabi/4.5.1/../../../../arm-eabi/lib/thumb/libg.a(lib_a-memset.o)
                0x06009ad0                memset
 *fill*         0x06009b64        0x4 ff
 .text.stub     0x06009b68       0x2c linker stubs
 *(.stub)
 *(.gnu.warning)
 *(.gnu.linkonce.t*)
 *(.glue_7)
 .glue_7        0x00000000        0x0 linker stubs
 *(.glue_7t)
 .glue_7t       0x00000000        0x0 linker stubs
                0x06009b94                . = ALIGN (0x4)

.vfp11_veneer   0x00000000        0x0
 .vfp11_veneer  0x00000000        0x0 linker stubs

.v4_bx          0x00000000        0x0
 .v4_bx         0x00000000        0x0 linker stubs

.fini
 *(.fini)
                0x00000000                __text_end = .

.rodata         0x06009b98       0x18
 *(.rodata)
 *all.rodata*(*)
 *(.roda)
 *(.rodata.*)
 .rodata.str1.4
                0x06009b98        0x9 boot.o
                                  0xc (size before relaxing)
 *fill*         0x06009ba1        0x3 ff
 .rodata.str1.4
                0x06009ba4        0xc dldi_patcher.o
 *(.gnu.linkonce.r*)
                0x06009bb0                . = ALIGN (0x4)

.ARM.extab
 *(.ARM.extab* .gnu.linkonce.armextab.*)
                0x06009bb0                __exidx_start = .

.ARM.exidx
 *(.ARM.exidx* .gnu.linkonce.armexidx.*)
                0x06009bb0                __exidx_end = .
                0x06009bb0                . = ALIGN (0x4)
                0x06009bb0                PROVIDE (__preinit_array_start, .)

.preinit_array
 *(.preinit_array)
                0x06009bb0                PROVIDE (__preinit_array_end, .)
                0x06009bb0                PROVIDE (__init_array_start, .)

.init_array
 *(.init_array)
                0x06009bb0                PROVIDE (__init_array_end, .)
                0x06009bb0                PROVIDE (__fini_array_start, .)

.fini_array
 *(.fini_array)
                0x06009bb0                PROVIDE (__fini_array_end, .)

.ctors          0x06009bb0        0x0
 *crtbegin.o(.ctors)
 *(EXCLUDE_FILE(*crtend.o) .ctors)
 *(SORT(.ctors.*))
 *(.ctors)
                0x06009bb0                . = ALIGN (0x4)

.dtors          0x06009bb0        0x0
 *crtbegin.o(.dtors)
 *(EXCLUDE_FILE(*crtend.o) .dtors)
 *(SORT(.dtors.*))
 *(.dtors)
                0x06009bb0                . = ALIGN (0x4)

.eh_frame       0x06009bb0        0x0
 *(.eh_frame)
                0x06009bb0                . = ALIGN (0x4)

.gcc_except_table
                0x06009bb0        0x0
 *(.gcc_except_table)
                0x06009bb0                . = ALIGN (0x4)

.jcr
 *(.jcr)

.got
 *(.got.plt)
 *(.got)

.vram           0x06009bb0        0x0
                0x06009bb0                __vram_start = ABSOLUTE (.)
 *(.vram)
 *vram.*(.text)
                0x06009bb0                . = ALIGN (0x4)
                0x06009bb0                __vram_end = ABSOLUTE (.)

.data           0x06009bb0        0xc
                0x06009bb0                __data_start = ABSOLUTE (.)
 *(.data)
 .data          0x06009bb0        0x0 arm9clear.arm.o
 .data          0x06009bb0        0x4 boot.o
                0x06009bb0                bootName
 .data          0x06009bb4        0x4 dldi_patcher.o
                0x06009bb4                dldimagic
 .data          0x06009bb8        0x0 fat.o
 .data          0x06009bb8        0x4 sdmmc.o
                0x06009bb8                sdmmc_curdevice
 .data          0x06009bbc        0x0 arm7clear.o
 .data          0x06009bbc        0x0 io_dldi.o
 .data          0x06009bbc        0x0 load_crt0.o
 .data          0x06009bbc        0x0 /opt/devkitPro/libnds/lib/libnds7.a(spi.o)
 .data          0x06009bbc        0x0 /opt/devkitPro/libnds/lib/libnds7.a(biosCalls.o)
 .data          0x06009bbc        0x0 /opt/devkitPro_r32/devkitARM/bin/../lib/gcc/arm-eabi/4.5.1/thumb/libgcc.a(_udivsi3.o)
 .data          0x06009bbc        0x0 /opt/devkitPro_r32/devkitARM/bin/../lib/gcc/arm-eabi/4.5.1/thumb/libgcc.a(_divsi3.o)
 .data          0x06009bbc        0x0 /opt/devkitPro_r32/devkitARM/bin/../lib/gcc/arm-eabi/4.5.1/thumb/libgcc.a(_dvmd_tls.o)
 .data          0x06009bbc        0x0 /opt/devkitPro_r32/devkitARM/bin/../lib/gcc/arm-eabi/4.5.1/../../../../arm-eabi/lib/thumb/libg.a(lib_a-memcmp.o)
 .data          0x06009bbc        0x0 /opt/devkitPro_r32/devkitARM/bin/../lib/gcc/arm-eabi/4.5.1/../../../../arm-eabi/lib/thumb/libg.a(lib_a-memcpy.o)
 .data          0x06009bbc        0x0 /opt/devkitPro_r32/devkitARM/bin/../lib/gcc/arm-eabi/4.5.1/../../../../arm-eabi/lib/thumb/libg.a(lib_a-memset.o)
 *(.data.*)
 *(.gnu.linkonce.d*)
                0x06009bbc                . = ALIGN (0x4)
                0x06009bbc                __data_end = ABSOLUTE (.)

.bss            0x06009bbc      0x248
                0x06009bbc                __bss_start = ABSOLUTE (.)
                0x06009bbc                __bss_start__ = ABSOLUTE (.)
 *(.dynbss)
 *(.gnu.linkonce.b*)
 *(.bss*)
 .bss           0x06009bbc        0x0 arm9clear.arm.o
 .bss           0x06009bbc        0x0 boot.o
 .bss           0x06009bbc        0x0 dldi_patcher.o
 .bss           0x06009bbc        0x0 fat.o
 .bss           0x06009bbc       0x10 sdmmc.o
                0x06009bc0                sdmmc_cardready
 .bss           0x06009bcc        0x0 arm7clear.o
 .bss           0x06009bcc        0x0 io_dldi.o
 .bss           0x06009bcc        0x0 load_crt0.o
 .bss           0x06009bcc        0x0 /opt/devkitPro/libnds/lib/libnds7.a(spi.o)
 .bss           0x06009bcc        0x0 /opt/devkitPro/libnds/lib/libnds7.a(biosCalls.o)
 .bss           0x06009bcc        0x0 /opt/devkitPro_r32/devkitARM/bin/../lib/gcc/arm-eabi/4.5.1/thumb/libgcc.a(_udivsi3.o)
 .bss           0x06009bcc        0x0 /opt/devkitPro_r32/devkitARM/bin/../lib/gcc/arm-eabi/4.5.1/thumb/libgcc.a(_divsi3.o)
 .bss           0x06009bcc        0x0 /opt/devkitPro_r32/devkitARM/bin/../lib/gcc/arm-eabi/4.5.1/thumb/libgcc.a(_dvmd_tls.o)
 .bss           0x06009bcc        0x0 /opt/devkitPro_r32/devkitARM/bin/../lib/gcc/arm-eabi/4.5.1/../../../../arm-eabi/lib/thumb/libg.a(lib_a-memcmp.o)
 .bss           0x06009bcc        0x0 /opt/devkitPro_r32/devkitARM/bin/../lib/gcc/arm-eabi/4.5.1/../../../../arm-eabi/lib/thumb/libg.a(lib_a-memcpy.o)
 .bss           0x06009bcc        0x0 /opt/devkitPro_r32/devkitARM/bin/../lib/gcc/arm-eabi/4.5.1/../../../../arm-eabi/lib/thumb/libg.a(lib_a-memset.o)
 *(COMMON)
 COMMON         0x06009bcc      0x228 fat.o
                0x06009bcc                discFileSystem
                0x06009bd0                discBytePerClus
                0x06009bd4                discData
                0x06009bd8                discRootDir
                0x06009bdc                discRootDirClus
                0x06009be0                discBytePerSec
                0x06009be4                discSecPerFAT
                0x06009be8                discFAT
                0x06009bec                globalBuffer
                0x06009dec                discSecPerClus
                0x06009df0                discNumSec
 COMMON         0x06009df4       0x10 sdmmc.o
                0x06009df4                sdmmc_cid
                0x06009e04                . = ALIGN (0x4)
                0x06009e04                __bss_end = .
                0x06009e04                __bss_end__ = .
                0x06009e04                _end = .
                0x06009e04                __end__ = .
                0x06009e04                PROVIDE (end, _end)

.stab
 *(.stab)

.stabstr
 *(.stabstr)

.stab.excl
 *(.stab.excl)

.stab.exclstr
 *(.stab.exclstr)

.stab.index
 *(.stab.index)

.stab.indexstr
 *(.stab.indexstr)

.ARM.attributes
                0x00000000       0x2e
 .ARM.attributes
                0x00000000       0x2c arm9clear.arm.o
 .ARM.attributes
                0x0000002c       0x2c boot.o
 .ARM.attributes
                0x00000058       0x2c dldi_patcher.o
 .ARM.attributes
                0x00000084       0x2c fat.o
 .ARM.attributes
                0x000000b0       0x2c sdmmc.o
 .ARM.attributes
                0x000000dc       0x20 arm7clear.o
 .ARM.attributes
                0x000000fc       0x20 io_dldi.o
 .ARM.attributes
                0x0000011c       0x20 load_crt0.o
 .ARM.attributes
                0x0000013c       0x2c /opt/devkitPro/libnds/lib/libnds7.a(spi.o)
 .ARM.attributes
                0x00000168       0x20 /opt/devkitPro/libnds/lib/libnds7.a(biosCalls.o)
 .ARM.attributes
                0x00000188       0x22 /opt/devkitPro_r32/devkitARM/bin/../lib/gcc/arm-eabi/4.5.1/thumb/libgcc.a(_udivsi3.o)
 .ARM.attributes
                0x000001aa       0x22 /opt/devkitPro_r32/devkitARM/bin/../lib/gcc/arm-eabi/4.5.1/thumb/libgcc.a(_divsi3.o)
 .ARM.attributes
                0x000001cc       0x22 /opt/devkitPro_r32/devkitARM/bin/../lib/gcc/arm-eabi/4.5.1/thumb/libgcc.a(_dvmd_tls.o)
 .ARM.attributes
                0x000001ee       0x30 /opt/devkitPro_r32/devkitARM/bin/../lib/gcc/arm-eabi/4.5.1/../../../../arm-eabi/lib/thumb/libg.a(lib_a-memcmp.o)
 .ARM.attributes
                0x0000021e       0x30 /opt/devkitPro_r32/devkitARM/bin/../lib/gcc/arm-eabi/4.5.1/../../../../arm-eabi/lib/thumb/libg.a(lib_a-memcpy.o)
 .ARM.attributes
                0x0000024e       0x30 /opt/devkitPro_r32/devkitARM/bin/../lib/gcc/arm-eabi/4.5.1/../../../../arm-eabi/lib/thumb/libg.a(lib_a-memset.o)

.comment        0x00000000       0x22
 *(.comment)
 .comment       0x00000000       0x22 arm9clear.arm.o
                                 0x23 (size before relaxing)
 .comment       0x00000000       0x23 boot.o
 .comment       0x00000000       0x23 dldi_patcher.o
 .comment       0x00000000       0x23 fat.o
 .comment       0x00000000       0x23 sdmmc.o
 .comment       0x00000000       0x23 /opt/devkitPro/libnds/lib/libnds7.a(spi.o)
 .comment       0x00000000       0x23 /opt/devkitPro_r32/devkitARM/bin/../lib/gcc/arm-eabi/4.5.1/../../../../arm-eabi/lib/thumb/libg.a(lib_a-memcmp.o)
 .comment       0x00000000       0x23 /opt/devkitPro_r32/devkitARM/bin/../lib/gcc/arm-eabi/4.5.1/../../../../arm-eabi/lib/thumb/libg.a(lib_a-memcpy.o)
 .comment       0x00000000       0x23 /opt/devkitPro_r32/devkitARM/bin/../lib/gcc/arm-eabi/4.5.1/../../../../arm-eabi/lib/thumb/libg.a(lib_a-memset.o)

.debug
 *(.debug)

.line
 *(.line)

.debug_srcinfo
 *(.debug_srcinfo)

.debug_sfnames
 *(.debug_sfnames)

.debug_aranges  0x00000000       0xa0
 *(.debug_aranges)
 .debug_aranges
                0x00000000       0x20 arm7clear.o
 .debug_aranges
                0x00000020       0x20 io_dldi.o
 .debug_aranges
                0x00000040       0x20 load_crt0.o
 .debug_aranges
                0x00000060       0x20 /opt/devkitPro/libnds/lib/libnds7.a(spi.o)
 .debug_aranges
                0x00000080       0x20 /opt/devkitPro/libnds/lib/libnds7.a(biosCalls.o)

.debug_pubnames
                0x00000000       0x3c
 *(.debug_pubnames)
 .debug_pubnames
                0x00000000       0x3c /opt/devkitPro/libnds/lib/libnds7.a(spi.o)

.debug_info     0x00000000      0x49a
 *(.debug_info)
 .debug_info    0x00000000       0x8f arm7clear.o
 .debug_info    0x0000008f       0x8d io_dldi.o
 .debug_info    0x0000011c       0x8f load_crt0.o
 .debug_info    0x000001ab      0x22a /opt/devkitPro/libnds/lib/libnds7.a(spi.o)
 .debug_info    0x000003d5       0xc5 /opt/devkitPro/libnds/lib/libnds7.a(biosCalls.o)

.debug_abbrev   0x00000000      0x1a2
 *(.debug_abbrev)
 .debug_abbrev  0x00000000       0x14 arm7clear.o
 .debug_abbrev  0x00000014       0x14 io_dldi.o
 .debug_abbrev  0x00000028       0x14 load_crt0.o
 .debug_abbrev  0x0000003c      0x152 /opt/devkitPro/libnds/lib/libnds7.a(spi.o)
 .debug_abbrev  0x0000018e       0x14 /opt/devkitPro/libnds/lib/libnds7.a(biosCalls.o)

.debug_line     0x00000000      0x457
 *(.debug_line)
 .debug_line    0x00000000       0x86 arm7clear.o
 .debug_line    0x00000086       0x6a io_dldi.o
 .debug_line    0x000000f0       0x9a load_crt0.o
 .debug_line    0x0000018a      0x206 /opt/devkitPro/libnds/lib/libnds7.a(spi.o)
 .debug_line    0x00000390       0xc7 /opt/devkitPro/libnds/lib/libnds7.a(biosCalls.o)

.debug_frame    0x00000000       0x4c
 *(.debug_frame)
 .debug_frame   0x00000000       0x4c /opt/devkitPro/libnds/lib/libnds7.a(spi.o)

.debug_str      0x00000000      0x15c
 *(.debug_str)
 .debug_str     0x00000000      0x15c /opt/devkitPro/libnds/lib/libnds7.a(spi.o)
                                0x175 (size before relaxing)

.debug_loc      0x00000000       0xd5
 *(.debug_loc)
 .debug_loc     0x00000000       0xd5 /opt/devkitPro/libnds/lib/libnds7.a(spi.o)

.debug_macinfo
 *(.debug_macinfo)

.debug_weaknames
 *(.debug_weaknames)

.debug_funcnames
 *(.debug_funcnames)

.debug_typenames
 *(.debug_typenames)

.debug_varnames
 *(.debug_varnames)

.stack          0x00080000        0x0
                0x00080000                _stack = .
 *(.stack)
OUTPUT(/opt/mshl2tools/r32/bootlib/bootloader/build/boot.arm7.elf elf32-littlearm)

.debug_pubtypes
                0x00000000       0x64
 .debug_pubtypes
                0x00000000       0x64 /opt/devkitPro/libnds/lib/libnds7.a(spi.o)

.debug_ranges   0x00000000       0x70
 .debug_ranges  0x00000000       0x70 /opt/devkitPro/libnds/lib/libnds7.a(spi.o)
